Analysis & Synthesis report for view
Thu Nov 29 17:42:00 2007
Version 4.2 Build 157 12/07/2004 SJ Full Version


---------------------
; Table of Contents ;
---------------------
  1. Legal Notice
  2. Analysis & Synthesis Summary
  3. Analysis & Synthesis Settings
  4. Hierarchy
  5. Analysis & Synthesis Resource Utilization by Entity
  6. Analysis & Synthesis Equations
  7. Analysis & Synthesis Source Files Read
  8. Analysis & Synthesis Resource Usage Summary
  9. Analysis & Synthesis RAM Summary
 10. WYSIWYG Cells
 11. General Register Statistics
 12. Analysis & Synthesis Messages



----------------
; Legal Notice ;
----------------
Copyright (C) 1991-2004 Altera Corporation
Any  megafunction  design,  and related netlist (encrypted  or  decrypted),
support information,  device programming or simulation file,  and any other
associated  documentation or information  provided by  Altera  or a partner
under  Altera's   Megafunction   Partnership   Program  may  be  used  only
to program  PLD  devices (but not masked  PLD  devices) from  Altera.   Any
other  use  of such  megafunction  design,  netlist,  support  information,
device programming or simulation file,  or any other  related documentation
or information  is prohibited  for  any  other purpose,  including, but not
limited to  modification,  reverse engineering,  de-compiling, or use  with
any other  silicon devices,  unless such use is  explicitly  licensed under
a separate agreement with  Altera  or a megafunction partner.  Title to the
intellectual property,  including patents,  copyrights,  trademarks,  trade
secrets,  or maskworks,  embodied in any such megafunction design, netlist,
support  information,  device programming or simulation file,  or any other
related documentation or information provided by  Altera  or a megafunction
partner, remains with Altera, the megafunction partner, or their respective
licensors. No other licenses, including any licenses needed under any third
party's intellectual property, are provided herein.



+------------------------------------------------------------------------+
; Analysis & Synthesis Summary                                           ;
+-----------------------------+------------------------------------------+
; Analysis & Synthesis Status ; Successful - Thu Nov 29 17:42:00 2007    ;
; Quartus II Version          ; 4.2 Build 157 12/07/2004 SJ Full Version ;
; Revision Name               ; view                                     ;
; Top-level Entity Name       ; view                                     ;
; Family                      ; FLEX10K                                  ;
; Total logic elements        ; 35                                       ;
; Total pins                  ; 18                                       ;
; Total memory bits           ; 64                                       ;
+-----------------------------+------------------------------------------+


+----------------------------------------------------------------------------------------+
; Analysis & Synthesis Settings                                                          ;
+------------------------------------------------------+-----------------+---------------+
; Option                                               ; Setting         ; Default Value ;
+------------------------------------------------------+-----------------+---------------+
; Device                                               ; EPF10K10TC144-4 ;               ;
; Family name                                          ; FLEX10K         ; Stratix       ;
; Use smart compilation                                ; Normal          ; Normal        ;
; Create Debugging Nodes for IP Cores                  ; off             ; off           ;
; Preserve fewer node names                            ; On              ; On            ;
; Disable OpenCore Plus hardware evaluation            ; Off             ; Off           ;
; Verilog Version                                      ; Verilog_2001    ; Verilog_2001  ;
; VHDL Version                                         ; VHDL93          ; VHDL93        ;
; Top-level entity name                                ; view            ; view          ;
; State Machine Processing                             ; Auto            ; Auto          ;
; Extract Verilog State Machines                       ; On              ; On            ;
; Extract VHDL State Machines                          ; On              ; On            ;
; NOT Gate Push-Back                                   ; On              ; On            ;
; Power-Up Don't Care                                  ; On              ; On            ;
; Remove Redundant Logic Cells                         ; Off             ; Off           ;
; Remove Duplicate Registers                           ; On              ; On            ;
; Ignore CARRY Buffers                                 ; Off             ; Off           ;
; Ignore CASCADE Buffers                               ; Off             ; Off           ;
; Ignore GLOBAL Buffers                                ; Off             ; Off           ;
; Ignore ROW GLOBAL Buffers                            ; Off             ; Off           ;
; Ignore LCELL Buffers                                 ; Off             ; Off           ;
; Ignore SOFT Buffers                                  ; On              ; On            ;
; Limit AHDL Integers to 32 Bits                       ; Off             ; Off           ;
; Auto Implement in ROM                                ; Off             ; Off           ;
; Optimization Technique -- FLEX 10K/10KE/10KA/ACEX 1K ; Area            ; Area          ;
; Carry Chain Length -- FLEX 10K                       ; 32              ; 32            ;
; Cascade Chain Length                                 ; 2               ; 2             ;
; Auto Carry Chains                                    ; On              ; On            ;
; Auto Open-Drain Pins                                 ; On              ; On            ;
; Remove Duplicate Logic                               ; On              ; On            ;
; Auto ROM Replacement                                 ; On              ; On            ;
; Auto RAM Replacement                                 ; On              ; On            ;
; Auto Clock Enable Replacement                        ; On              ; On            ;
; Auto Resource Sharing                                ; Off             ; Off           ;
; Allow Any RAM Size For Recognition                   ; Off             ; Off           ;
; Allow Any ROM Size For Recognition                   ; Off             ; Off           ;
+------------------------------------------------------+-----------------+---------------+


+-----------+
; Hierarchy ;
+-----------+
view
 |-- 74153M:inst
 |-- 74153M:inst2
 |-- 74153M:inst3
 |-- 74153M:inst4
 |-- num:inst5
 |-- 74153M:inst6
 |-- ROM1:inst8
      |-- lpm_rom:lpm_rom_component
           |-- altrom:srom
 |-- view1:inst9
 |-- choose:inst13
      |-- 7490:inst
      |-- 7490:inst1
      |-- 7490:inst2
      |-- 7490:inst3
      |-- 7490:inst4
      |-- 7490:inst5
      |-- 7490:inst6


+----------------------------------------------------------------------------------------------------------------------------------------------------------------------------------------------------------------------+
; Analysis & Synthesis Resource Utilization by Entity                                                                                                                                                                  ;
+-----------------------------------+-------------+--------------+-------------+------+--------------+-------------------+------------------+-----------------+--------------------------------------------------------+
; Compilation Hierarchy Node        ; Logic Cells ; LC Registers ; Memory Bits ; Pins ; LUT-Only LCs ; Register-Only LCs ; LUT/Register LCs ; Carry Chain LCs ; Full Hierarchy Name                                    ;
+-----------------------------------+-------------+--------------+-------------+------+--------------+-------------------+------------------+-----------------+--------------------------------------------------------+
; |view                             ; 35 (0)      ; 18           ; 64          ; 18   ; 17 (0)       ; 10 (0)            ; 8 (0)            ; 0 (0)           ; |view                                                  ;
;    |74153M:inst2|                 ; 2 (2)       ; 0            ; 0           ; 0    ; 2 (2)        ; 0 (0)             ; 0 (0)            ; 0 (0)           ; |view|74153M:inst2                                     ;
;    |74153M:inst3|                 ; 2 (2)       ; 0            ; 0           ; 0    ; 2 (2)        ; 0 (0)             ; 0 (0)            ; 0 (0)           ; |view|74153M:inst3                                     ;
;    |74153M:inst4|                 ; 2 (2)       ; 0            ; 0           ; 0    ; 2 (2)        ; 0 (0)             ; 0 (0)            ; 0 (0)           ; |view|74153M:inst4                                     ;
;    |74153M:inst6|                 ; 2 (2)       ; 0            ; 0           ; 0    ; 2 (2)        ; 0 (0)             ; 0 (0)            ; 0 (0)           ; |view|74153M:inst6                                     ;
;    |74153M:inst|                  ; 2 (2)       ; 0            ; 0           ; 0    ; 2 (2)        ; 0 (0)             ; 0 (0)            ; 0 (0)           ; |view|74153M:inst                                      ;
;    |ROM1:inst8|                   ; 0 (0)       ; 0            ; 64          ; 0    ; 0 (0)        ; 0 (0)             ; 0 (0)            ; 0 (0)           ; |view|ROM1:inst8                                       ;
;       |lpm_rom:lpm_rom_component| ; 0 (0)       ; 0            ; 64          ; 0    ; 0 (0)        ; 0 (0)             ; 0 (0)            ; 0 (0)           ; |view|ROM1:inst8|lpm_rom:lpm_rom_component             ;
;          |altrom:srom|            ; 0 (0)       ; 0            ; 64          ; 0    ; 0 (0)        ; 0 (0)             ; 0 (0)            ; 0 (0)           ; |view|ROM1:inst8|lpm_rom:lpm_rom_component|altrom:srom ;
;    |choose:inst13|                ; 16 (0)      ; 16           ; 0           ; 0    ; 0 (0)        ; 8 (0)             ; 8 (0)            ; 0 (0)           ; |view|choose:inst13                                    ;
;       |7490:inst1|                ; 4 (4)       ; 4            ; 0           ; 0    ; 0 (0)        ; 2 (2)             ; 2 (2)            ; 0 (0)           ; |view|choose:inst13|7490:inst1                         ;
;       |7490:inst2|                ; 4 (4)       ; 4            ; 0           ; 0    ; 0 (0)        ; 2 (2)             ; 2 (2)            ; 0 (0)           ; |view|choose:inst13|7490:inst2                         ;
;       |7490:inst3|                ; 4 (4)       ; 4            ; 0           ; 0    ; 0 (0)        ; 2 (2)             ; 2 (2)            ; 0 (0)           ; |view|choose:inst13|7490:inst3                         ;
;       |7490:inst|                 ; 4 (4)       ; 4            ; 0           ; 0    ; 0 (0)        ; 2 (2)             ; 2 (2)            ; 0 (0)           ; |view|choose:inst13|7490:inst                          ;
;    |num:inst5|                    ; 2 (2)       ; 2            ; 0           ; 0    ; 0 (0)        ; 2 (2)             ; 0 (0)            ; 0 (0)           ; |view|num:inst5                                        ;
;    |view1:inst9|                  ; 7 (7)       ; 0            ; 0           ; 0    ; 7 (7)        ; 0 (0)             ; 0 (0)            ; 0 (0)           ; |view|view1:inst9                                      ;
+-----------------------------------+-------------+--------------+-------------+------+--------------+-------------------+------------------+-----------------+--------------------------------------------------------+


+--------------------------------+
; Analysis & Synthesis Equations ;
+--------------------------------+
The equations can be found in D:/061300423/view/view.map.eqn.


+-----------------------------------------------------------------------------------------------------------------+
; Analysis & Synthesis Source Files Read                                                                          ;
+----------------------------------+-----------------+------------------------------------------------------------+
; File Name with User-Entered Path ; Used in Netlist ; File Name with Absolute Path                               ;
+----------------------------------+-----------------+------------------------------------------------------------+
; ../choose/choose.bdf             ; yes             ; D:/061300423/choose/choose.bdf                             ;
; view.bdf                         ; yes             ; D:/061300423/view/view.bdf                                 ;
; num.bdf                          ; yes             ; D:/061300423/view/num.bdf                                  ;
; view.tdf                         ; yes             ; D:/061300423/view/view.tdf                                 ;
; 74153M.bdf                       ; yes             ; c:/altera/quartus42/libraries/others/maxplus2/74153M.bdf   ;
; 7490.bdf                         ; yes             ; c:/altera/quartus42/libraries/others/maxplus2/7490.bdf     ;
; ROM1.v                           ; yes             ; D:/061300423/view/ROM1.v                                   ;
; lpm_rom.tdf                      ; yes             ; c:/altera/quartus42/libraries/megafunctions/lpm_rom.tdf    ;
; altrom.inc                       ; yes             ; c:/altera/quartus42/libraries/megafunctions/altrom.inc     ;
; aglobal42.inc                    ; yes             ; c:/altera/quartus42/libraries/megafunctions/aglobal42.inc  ;
; altrom.tdf                       ; yes             ; c:/altera/quartus42/libraries/megafunctions/altrom.tdf     ;
; memmodes.inc                     ; yes             ; c:/altera/quartus42/libraries/others/maxplus2/memmodes.inc ;
; lpm_decode.inc                   ; yes             ; c:/altera/quartus42/libraries/megafunctions/lpm_decode.inc ;
; lpm_mux.inc                      ; yes             ; c:/altera/quartus42/libraries/megafunctions/lpm_mux.inc    ;
; altqpram.inc                     ; yes             ; c:/altera/quartus42/libraries/megafunctions/altqpram.inc   ;
; altsyncram.inc                   ; yes             ; c:/altera/quartus42/libraries/megafunctions/altsyncram.inc ;
+----------------------------------+-----------------+------------------------------------------------------------+


+---------------------------------------------+
; Analysis & Synthesis Resource Usage Summary ;
+---------------------------------+-----------+
; Resource                        ; Usage     ;
+---------------------------------+-----------+
; Logic cells                     ; 35        ;
; Total combinational functions   ; 25        ;
; Total 4-input functions         ; 17        ;
; Total 3-input functions         ; 0         ;
; Total 2-input functions         ; 8         ;
; Total 1-input functions         ; 0         ;
; Total 0-input functions         ; 0         ;
; Combinational cells for routing ; 0         ;
; Total registers                 ; 18        ;
; I/O pins                        ; 18        ;
; Total memory bits               ; 64        ;
; Maximum fan-out node            ; K0        ;
; Maximum fan-out                 ; 16        ;
; Total fan-out                   ; 164       ;
; Average fan-out                 ; 2.38      ;
+---------------------------------+-----------+


+----------------------------------------------------------------------------------------------------------------------------------------------+
; Analysis & Synthesis RAM Summary                                                                                                             ;
+----------------------------------------------------------+------+--------------+--------------+--------------+--------------+------+---------+
; Name                                                     ; Mode ; Port A Depth ; Port A Width ; Port B Depth ; Port B Width ; Size ; MIF     ;
+----------------------------------------------------------+------+--------------+--------------+--------------+--------------+------+---------+
; ROM1:inst8|lpm_rom:lpm_rom_component|altrom:srom|content ; ROM  ; 4            ; 16           ; --           ; --           ; 64   ; ROM.hex ;
+----------------------------------------------------------+------+--------------+--------------+--------------+--------------+------+---------+


+----------------------------------------------------------------+
; WYSIWYG Cells                                                  ;
+--------------------------------------------------------+-------+
; Statistic                                              ; Value ;
+--------------------------------------------------------+-------+
; Number of WYSIWYG cells                                ; 0     ;
; Number of synthesis-generated cells                    ; 35    ;
; Number of WYSIWYG LUTs                                 ; 0     ;
; Number of synthesis-generated LUTs                     ; 25    ;
; Number of WYSIWYG registers                            ; 0     ;
; Number of synthesis-generated registers                ; 18    ;
; Number of cells with combinational logic only          ; 17    ;
; Number of cells with registers only                    ; 10    ;
; Number of cells with combinational logic and registers ; 8     ;
+--------------------------------------------------------+-------+


+------------------------------------------------------+
; General Register Statistics                          ;
+----------------------------------------------+-------+
; Statistic                                    ; Value ;
+----------------------------------------------+-------+
; Total registers                              ; 18    ;
; Number of registers using Synchronous Clear  ; 0     ;
; Number of registers using Synchronous Load   ; 0     ;
; Number of registers using Asynchronous Clear ; 0     ;
; Number of registers using Asynchronous Load  ; 0     ;
; Number of registers using Clock Enable       ; 5     ;
; Number of registers using Output Enable      ; 0     ;
; Number of registers using Preset             ; 0     ;
+----------------------------------------------+-------+


+-------------------------------+
; Analysis & Synthesis Messages ;
+-------------------------------+
Info: *******************************************************************
Info: Running Quartus II Analysis & Synthesis
    Info: Version 4.2 Build 157 12/07/2004 SJ Full Version
    Info: Processing started: Thu Nov 29 17:41:58 2007
Info: Command: quartus_map --import_settings_files=on --export_settings_files=off view -c view
Info: Found 1 design units, including 1 entities, in source file ../choose/choose.bdf
    Info: Found entity 1: choose
Info: Found 1 design units, including 1 entities, in source file view.bdf
    Info: Found entity 1: view
Info: Found 1 design units, including 1 entities, in source file num.bdf
    Info: Found entity 1: num
Info: Found 1 design units, including 1 entities, in source file view.tdf
    Info: Found entity 1: view1
Info: Found 1 design units, including 1 entities, in source file viewnew.bdf
    Info: Found entity 1: viewnew
Info: Found 1 design units, including 1 entities, in source file viewnew1.bdf
    Info: Found entity 1: viewnew1
Warning: Port "GN" of type 74153M and instance "inst" is missing source signal
Warning: Port "GN" of type 74153M and instance "inst2" is missing source signal
Warning: Port "GN" of type 74153M and instance "inst3" is missing source signal
Warning: Port "GN" of type 74153M and instance "inst4" is missing source signal
Warning: Port "GN" of type 74153M and instance "inst6" is missing source signal
Info: Found 1 design units, including 1 entities, in source file c:/altera/quartus42/libraries/others/maxplus2/74153M.bdf
    Info: Found entity 1: 74153M
Warning: Port "SET9A" of type 7490 and instance "inst" is missing source signal
Warning: Port "CLRA" of type 7490 and instance "inst" is missing source signal
Warning: Port "SET9B" of type 7490 and instance "inst" is missing source signal
Warning: Port "CLRB" of type 7490 and instance "inst" is missing source signal
Warning: Port "SET9A" of type 7490 and instance "inst1" is missing source signal
Warning: Port "CLRA" of type 7490 and instance "inst1" is missing source signal
Warning: Port "SET9B" of type 7490 and instance "inst1" is missing source signal
Warning: Port "CLRB" of type 7490 and instance "inst1" is missing source signal
Warning: Port "SET9A" of type 7490 and instance "inst2" is missing source signal
Warning: Port "CLRA" of type 7490 and instance "inst2" is missing source signal
Warning: Port "SET9B" of type 7490 and instance "inst2" is missing source signal
Warning: Port "CLRB" of type 7490 and instance "inst2" is missing source signal
Warning: Port "SET9A" of type 7490 and instance "inst3" is missing source signal
Warning: Port "CLRA" of type 7490 and instance "inst3" is missing source signal
Warning: Port "SET9B" of type 7490 and instance "inst3" is missing source signal
Warning: Port "CLRB" of type 7490 and instance "inst3" is missing source signal
Warning: Port "SET9A" of type 7490 and instance "inst4" is missing source signal
Warning: Port "CLRA" of type 7490 and instance "inst4" is missing source signal
Warning: Port "SET9B" of type 7490 and instance "inst4" is missing source signal
Warning: Port "CLRB" of type 7490 and instance "inst4" is missing source signal
Warning: Port "SET9A" of type 7490 and instance "inst5" is missing source signal
Warning: Port "CLRA" of type 7490 and instance "inst5" is missing source signal
Warning: Port "SET9B" of type 7490 and instance "inst5" is missing source signal
Warning: Port "CLRB" of type 7490 and instance "inst5" is missing source signal
Warning: Port "SET9A" of type 7490 and instance "inst6" is missing source signal
Warning: Port "CLRA" of type 7490 and instance "inst6" is missing source signal
Warning: Port "SET9B" of type 7490 and instance "inst6" is missing source signal
Warning: Port "CLRB" of type 7490 and instance "inst6" is missing source signal
Info: Found 1 design units, including 1 entities, in source file c:/altera/quartus42/libraries/others/maxplus2/7490.bdf
    Info: Found entity 1: 7490
Info: Using design file ROM1.v, which is not specified as a design file for the current project, but contains definitions for 1 design units and 1 entities in project
    Info: Found entity 1: ROM1
Info: Found 1 design units, including 1 entities, in source file c:/altera/quartus42/libraries/megafunctions/lpm_rom.tdf
    Info: Found entity 1: lpm_rom
Info: Found 1 design units, including 1 entities, in source file c:/altera/quartus42/libraries/megafunctions/altrom.tdf
    Info: Found entity 1: altrom
Warning: Converted TRI buffer or tri-state bus to logic, or removed OPNDRN
    Warning: Converting TRI node "ROM1:inst8|lpm_rom:lpm_rom_component|otri[15]" that feeds logic to an OR gate
    Warning: Converting TRI node "ROM1:inst8|lpm_rom:lpm_rom_component|otri[11]" that feeds logic to an OR gate
    Warning: Converting TRI node "ROM1:inst8|lpm_rom:lpm_rom_component|otri[7]" that feeds logic to an OR gate
    Warning: Converting TRI node "ROM1:inst8|lpm_rom:lpm_rom_component|otri[3]" that feeds logic to an OR gate
    Warning: Converting TRI node "ROM1:inst8|lpm_rom:lpm_rom_component|otri[14]" that feeds logic to an OR gate
    Warning: Converting TRI node "ROM1:inst8|lpm_rom:lpm_rom_component|otri[10]" that feeds logic to an OR gate
    Warning: Converting TRI node "ROM1:inst8|lpm_rom:lpm_rom_component|otri[6]" that feeds logic to an OR gate
    Warning: Converting TRI node "ROM1:inst8|lpm_rom:lpm_rom_component|otri[2]" that feeds logic to an OR gate
    Warning: Converting TRI node "ROM1:inst8|lpm_rom:lpm_rom_component|otri[13]" that feeds logic to an OR gate
    Warning: Converting TRI node "ROM1:inst8|lpm_rom:lpm_rom_component|otri[9]" that feeds logic to an OR gate
    Warning: Converting TRI node "ROM1:inst8|lpm_rom:lpm_rom_component|otri[5]" that feeds logic to an OR gate
    Warning: Converting TRI node "ROM1:inst8|lpm_rom:lpm_rom_component|otri[1]" that feeds logic to an OR gate
    Warning: Converting TRI node "ROM1:inst8|lpm_rom:lpm_rom_component|otri[12]" that feeds logic to an OR gate
    Warning: Converting TRI node "ROM1:inst8|lpm_rom:lpm_rom_component|otri[8]" that feeds logic to an OR gate
    Warning: Converting TRI node "ROM1:inst8|lpm_rom:lpm_rom_component|otri[4]" that feeds logic to an OR gate
    Warning: Converting TRI node "ROM1:inst8|lpm_rom:lpm_rom_component|otri[0]" that feeds logic to an OR gate
Warning: Output pins are stuck at VCC or GND
    Warning: Pin "DE3" stuck at GND
Info: Implemented 69 device resources after synthesis - the final resource count might be different
    Info: Implemented 7 input pins
    Info: Implemented 11 output pins
    Info: Implemented 35 logic cells
    Info: Implemented 16 RAM segments
Info: Quartus II Analysis & Synthesis was successful. 0 errors, 52 warnings
    Info: Processing ended: Thu Nov 29 17:42:00 2007
    Info: Elapsed time: 00:00:02


